21:40:09
i-0e1399ea8c6eae303	healthy
i-0b32818c8b89f42e2	healthy
21:40:25
i-0e1399ea8c6eae303	healthy
i-0b32818c8b89f42e2	healthy
21:40:42
i-0e1399ea8c6eae303	healthy
i-0b32818c8b89f42e2	healthy
21:40:58
i-0e1399ea8c6eae303	healthy
i-0b32818c8b89f42e2	healthy
21:41:15
i-0e1399ea8c6eae303	healthy
i-0b32818c8b89f42e2	healthy
21:41:31
i-0e1399ea8c6eae303	healthy
i-0b32818c8b89f42e2	healthy
21:41:48
i-0e1399ea8c6eae303	healthy
i-0b32818c8b89f42e2	healthy
21:42:04
i-0e1399ea8c6eae303	healthy
i-0b32818c8b89f42e2	unhealthy
21:42:21
i-0e1399ea8c6eae303	healthy
i-0b32818c8b89f42e2	unhealthy
21:42:38
i-0e1399ea8c6eae303	healthy
i-0b32818c8b89f42e2	unhealthy
21:42:54
i-0e1399ea8c6eae303	healthy
i-02b225f9ab710cf97	initial
i-0b32818c8b89f42e2	draining
21:43:11
i-0e1399ea8c6eae303	healthy
i-02b225f9ab710cf97	initial
i-0b32818c8b89f42e2	draining
21:43:28
i-0e1399ea8c6eae303	healthy
i-02b225f9ab710cf97	initial
i-0b32818c8b89f42e2	draining
21:43:44
i-0e1399ea8c6eae303	healthy
i-02b225f9ab710cf97	initial
i-0b32818c8b89f42e2	draining
21:44:01
i-0e1399ea8c6eae303	healthy
i-02b225f9ab710cf97	healthy
i-0b32818c8b89f42e2	draining
21:44:17
i-0e1399ea8c6eae303	healthy
i-02b225f9ab710cf97	healthy
i-0b32818c8b89f42e2	draining
21:44:34
i-0e1399ea8c6eae303	healthy
i-02b225f9ab710cf97	healthy
i-0b32818c8b89f42e2	draining
21:44:51
i-0e1399ea8c6eae303	healthy
i-02b225f9ab710cf97	healthy
i-0b32818c8b89f42e2	draining
21:45:07
i-0e1399ea8c6eae303	healthy
i-02b225f9ab710cf97	healthy
i-0b32818c8b89f42e2	draining
21:45:23
i-0e1399ea8c6eae303	healthy
i-02b225f9ab710cf97	healthy
i-0b32818c8b89f42e2	draining
21:45:40
i-0e1399ea8c6eae303	healthy
i-02b225f9ab710cf97	healthy
i-0b32818c8b89f42e2	draining
21:45:57
i-0e1399ea8c6eae303	healthy
i-02b225f9ab710cf97	healthy
i-0b32818c8b89f42e2	draining
21:46:13
i-0e1399ea8c6eae303	healthy
i-02b225f9ab710cf97	healthy
i-0b32818c8b89f42e2	draining
21:46:30
i-0e1399ea8c6eae303	healthy
i-02b225f9ab710cf97	healthy
i-0b32818c8b89f42e2	draining
21:46:46
i-0e1399ea8c6eae303	healthy
i-02b225f9ab710cf97	healthy
i-0b32818c8b89f42e2	draining
21:47:03
i-0e1399ea8c6eae303	healthy
i-02b225f9ab710cf97	healthy
i-0b32818c8b89f42e2	draining
21:47:20
i-0e1399ea8c6eae303	healthy
i-02b225f9ab710cf97	healthy
i-0b32818c8b89f42e2	draining
21:47:36
i-0e1399ea8c6eae303	healthy
i-02b225f9ab710cf97	healthy
i-0b32818c8b89f42e2	draining
21:47:53
i-0e1399ea8c6eae303	healthy
i-02b225f9ab710cf97	healthy
21:48:09
i-0e1399ea8c6eae303	healthy
i-02b225f9ab710cf97	healthy
21:48:26
i-0e1399ea8c6eae303	healthy
i-02b225f9ab710cf97	healthy
21:48:42
i-0e1399ea8c6eae303	healthy
i-02b225f9ab710cf97	healthy
21:48:59
i-0e1399ea8c6eae303	healthy
i-02b225f9ab710cf97	healthy
21:49:15
i-0e1399ea8c6eae303	healthy
i-02b225f9ab710cf97	healthy
