23:43:48 200
23:43:49 200
23:43:50 200
23:43:51 200
23:43:52 200
23:43:54 200
23:43:55 200
23:43:56 200
23:43:57 200
23:43:58 200
23:43:59 200
23:44:00 200
23:44:01 200
23:44:03 200
23:44:04 200
23:44:05 200
23:44:06 200
23:44:07 200
23:44:08 200
23:44:09 200
23:44:10 200
23:44:12 200
23:44:13 200
23:44:14 200
23:44:15 200
23:44:16 200
23:44:17 200
23:44:18 200
23:44:19 200
23:44:21 200
23:44:22 200
23:44:23 200
23:44:24 200
23:44:25 200
23:44:26 200
23:44:27 200
23:44:28 200
23:44:30 200
23:44:31 200
23:44:32 200
23:44:33 200
23:44:34 200
23:44:35 200
23:44:36 200
23:44:37 200
23:44:38 200
23:44:40 200
23:44:41 200
23:44:42 200
23:44:43 200
23:44:44 200
23:44:45 200
23:44:46 200
23:44:47 200
23:44:49 200
23:44:50 200
23:44:51 200
23:44:52 200
23:44:53 200
23:44:54 200
23:44:55 200
23:44:56 200
23:44:58 200
23:44:59 200
23:45:00 200
23:45:01 200
23:45:02 200
23:45:03 200
23:45:04 200
23:45:05 200
23:45:07 200
23:45:08 200
23:45:09 200
23:45:10 200
23:45:11 200
23:45:12 200
23:45:13 200
23:45:14 200
23:45:16 200
23:45:17 200
23:45:18 200
23:45:19 200
23:45:20 200
23:45:21 200
23:45:22 200
23:45:23 502
23:45:24 200
23:45:26 200
23:45:27 502
23:45:28 200
23:45:29 200
23:45:30 000
23:45:34 200
23:45:35 000
23:45:39 000
23:45:44 200
23:45:45 000
23:45:49 000
23:45:53 200
23:45:54 000
23:45:58 000
23:46:02 200
23:46:03 200
23:46:05 200
23:46:06 200
23:46:07 200
23:46:08 200
23:46:09 200
23:46:10 200
23:46:11 200
23:46:12 200
23:46:14 200
23:46:15 200
23:46:16 200
23:46:17 200
23:46:18 200
23:46:19 200
23:46:20 200
23:46:21 200
23:46:22 200
23:46:24 200
23:46:25 200
23:46:26 200
23:46:27 200
23:46:28 200
23:46:29 200
23:46:30 200
23:46:32 200
23:46:33 200
23:46:34 200
