07:22:46 200
07:22:47 200
07:22:48 200
07:22:49 200
07:22:50 200
07:22:52 200
07:22:53 200
07:22:54 200
07:22:55 200
07:22:56 200
07:22:57 200
07:22:58 200
07:22:59 200
07:23:00 200
07:23:02 200
07:23:03 200
07:23:04 200
07:23:05 200
07:23:06 200
07:23:07 200
07:23:08 200
07:23:09 200
07:23:11 200
07:23:12 200
07:23:13 200
07:23:14 200
07:23:15 200
07:23:16 200
07:23:17 200
07:23:18 200
07:23:20 200
07:23:21 200
07:23:22 200
07:23:23 200
07:23:24 200
07:23:25 200
07:23:26 200
07:23:27 200
07:23:29 200
07:23:30 200
07:23:31 200
07:23:32 200
07:23:33 200
07:23:34 200
07:23:35 200
07:23:36 200
07:23:38 200
07:23:39 200
07:23:40 200
07:23:41 200
07:23:42 200
07:23:43 200
07:23:44 200
07:23:45 200
07:23:47 200
07:23:48 200
07:23:49 200
07:23:50 200
07:23:51 200
07:23:52 200
07:23:53 200
07:23:55 200
07:23:56 200
07:23:57 200
07:23:58 200
07:23:59 200
07:24:00 200
07:24:01 200
07:24:02 200
07:24:04 200
07:24:05 200
07:24:06 200
07:24:07 200
07:24:08 200
07:24:09 200
07:24:10 200
07:24:11 502
07:24:13 502
07:24:14 200
07:24:15 200
07:24:16 502
07:24:17 200
07:24:18 000
07:24:22 200
07:24:23 000
07:24:28 200
07:24:29 000
07:24:33 200
07:24:34 200
07:24:35 200
07:24:36 200
07:24:37 200
07:24:38 200
07:24:40 200
07:24:41 200
07:24:42 200
07:24:43 200
07:24:44 200
07:24:45 200
07:24:46 200
07:24:47 200
07:24:49 200
07:24:50 200
07:24:51 200
07:24:52 200
07:24:53 200
07:24:54 200
07:24:55 200
07:24:56 200
07:24:58 200
07:24:59 200
07:25:00 200
07:25:01 200
07:25:02 200
07:25:03 200
07:25:04 200
07:25:05 200
07:25:07 200
07:25:08 200
07:25:09 200
07:25:10 200
07:25:11 200
07:25:12 200
07:25:13 200
07:25:14 200
07:25:16 200
07:25:17 200
07:25:18 200
07:25:19 200
07:25:20 200
07:25:21 200
07:25:22 200
07:25:24 200
07:25:25 200
07:25:26 200
07:25:27 200
07:25:28 200
